fridge（冰箱 APP）激活流程发生内存泄露

`HomeActivity`（首页进行激活）通过成员变量持有 `HomeWifiSettingFragment`（激活需要联网，未联网时打开 wifi 连接界面），`ProtocolFragment`（隐私策略和用户协议）和 `LoginScanFragment`（微信扫一扫和云米商城扫一扫进行激活）
通过 `FragmentTransaction#replace` 切换到其他 `Fragment` 时没有将它们置空导致内存泄露
解决办法是 `HomeActivity` 不持有这些 `Fragment`

```text
┬───
│ GC Root: Input or output parameters in native code
│
├─ android.os.FileObserver$ObserverThread instance
│    Leaking: NO (PathClassLoader↓ is not leaking)
│    Thread name: 'FileObserver'
│    ↓ FileObserver$ObserverThread.contextClassLoader
├─ dalvik.system.PathClassLoader instance
│    Leaking: NO (InternalLeakCanary↓ is not leaking and A ClassLoader is never leaking)
│    ↓ PathClassLoader.runtimeInternalObjects
├─ java.lang.Object[] array
│    Leaking: NO (InternalLeakCanary↓ is not leaking)
│    ↓ Object[].[539]
├─ leakcanary.internal.InternalLeakCanary class
│    Leaking: NO (HomeActivity↓ is not leaking and a class is never leaking)
│    ↓ static InternalLeakCanary.resumedActivity
├─ com.viomi.fridge.vertical.home.activity.HomeActivity instance
│    Leaking: NO (Activity#mDestroyed is false)
│    ↓ HomeActivity.mProtocolFragment
│                   ~~~~~~~~~~~~~~~~~
╰→ com.viomi.fridge.vertical.home.view.fragment.ProtocolFragment instance
​     Leaking: YES (ObjectWatcher was watching this because com.viomi.fridge.vertical.home.view.fragment.ProtocolFragment received Fragment#onDestroy() callback. Conflicts with Fragment#mFragmentManager is not null)
​     key = 027e78c6-56fc-4830-bf9e-fc7df7b58d5f
​     watchDurationMillis = 46164
​     retainedDurationMillis = 41161

┬───
│ GC Root: Input or output parameters in native code
│
├─ android.os.FileObserver$ObserverThread instance
│    Leaking: NO (PathClassLoader↓ is not leaking)
│    Thread name: 'FileObserver'
│    ↓ FileObserver$ObserverThread.contextClassLoader
├─ dalvik.system.PathClassLoader instance
│    Leaking: NO (InternalLeakCanary↓ is not leaking and A ClassLoader is never leaking)
│    ↓ PathClassLoader.runtimeInternalObjects
├─ java.lang.Object[] array
│    Leaking: NO (InternalLeakCanary↓ is not leaking)
│    ↓ Object[].[539]
├─ leakcanary.internal.InternalLeakCanary class
│    Leaking: NO (HomeActivity↓ is not leaking and a class is never leaking)
│    ↓ static InternalLeakCanary.resumedActivity
├─ com.viomi.fridge.vertical.home.activity.HomeActivity instance
│    Leaking: NO (Activity#mDestroyed is false)
│    ↓ HomeActivity.mWiFiSettingFragment
│                   ~~~~~~~~~~~~~~~~~~~~
╰→ com.viomi.fridge.vertical.home.view.fragment.HomeWifiSettingFragment instance
​     Leaking: YES (ObjectWatcher was watching this because com.viomi.fridge.vertical.home.view.fragment.HomeWifiSettingFragment received Fragment#onDestroy() callback and Fragment#mFragmentManager is null)
​     key = c60d97b5-07ad-4196-815e-677e00bdd9a5
​     watchDurationMillis = 6744
​     retainedDurationMillis = 1742
​     key = d3f86d32-701f-4018-9315-f87e2cc4c808
​     watchDurationMillis = 51677
​     retainedDurationMillis = 46125
```

`WiFiSettingDialogLayout` 是通用的 wifi 连接界面，`WiFiSettingDialogLayout#wifiScanReceiver` 监听 wifi 开启/关闭，在构造函数里注册，在 `WiFiSettingDialogLayout#dismiss` 里取消注册
它是匿名内部类所以会通过 `this` 持有 `WiFiSettingDialogLayout` 从而间接持有 `WiFiSettingDialogLayout#mRootView`
`HomeWifiSettingFragment#onDestroyView` 只是把 `HomeWifiSettingFragment#mWiFiSettingLayout` 置空，没有调用 `WiFiSettingDialogLayout#dismiss` 导致 `WiFiSettingDialogLayout#mRootView` 泄露

```text
┬───
│ GC Root: Global variable in native code
│
├─ com.viomi.fridge.vertical.FridgeApplication instance
│    Leaking: NO (Application is a singleton)
│    ↓ FridgeApplication.mLoadedApk
│                        ~~~~~~~~~~
├─ android.app.LoadedApk instance
│    Leaking: UNKNOWN
│    ↓ LoadedApk.mReceivers
│                ~~~~~~~~~~
├─ android.util.ArrayMap instance
│    Leaking: UNKNOWN
│    ↓ ArrayMap.mArray
│               ~~~~~~
├─ java.lang.Object[] array
│    Leaking: UNKNOWN
│    ↓ Object[].[3]
│               ~~~
├─ android.util.ArrayMap instance
│    Leaking: UNKNOWN
│    ↓ ArrayMap.mArray
│               ~~~~~~
├─ java.lang.Object[] array
│    Leaking: UNKNOWN
│    ↓ Object[].[0]
│               ~~~
├─ com.viomi.fridge.vertical.administration.view.dialog.WiFiSettingDialogLayout$4 instance
│    Leaking: UNKNOWN
│    Anonymous subclass of android.content.BroadcastReceiver
│    ↓ WiFiSettingDialogLayout$4.this$0
│                                ~~~~~~
├─ com.viomi.fridge.vertical.administration.view.dialog.WiFiSettingDialogLayout instance
│    Leaking: UNKNOWN
│    ↓ WiFiSettingDialogLayout.mRootView
│                              ~~~~~~~~~
├─ androidx.constraintlayout.widget.ConstraintLayout instance
│    Leaking: YES (View detached and has parent)
│    mContext instance of com.viomi.fridge.vertical.home.activity.HomeActivity with mDestroyed = false
│    View#mParent is set
│    View#mAttachInfo is null (view detached)
│    View.mWindowAttachCount = 1
│    ↓ ConstraintLayout.mParent
├─ android.widget.FrameLayout instance
│    Leaking: YES (ConstraintLayout↑ is leaking and View detached and has parent)
│    mContext instance of com.viomi.fridge.vertical.home.activity.HomeActivity with mDestroyed = false
│    View#mParent is set
│    View#mAttachInfo is null (view detached)
│    View.mID = R.id.home_wifi_setting_content
│    View.mWindowAttachCount = 1
│    ↓ FrameLayout.mParent
╰→ android.widget.RelativeLayout instance
​     Leaking: YES (ObjectWatcher was watching this because com.viomi.fridge.vertical.home.view.fragment.HomeWifiSettingFragment received Fragment#onDestroyView() callback (references to its views should be cleared to prevent leaks))
​     key = 2f838cb9-38c9-4763-8d51-67a6cfedeb38
​     watchDurationMillis = 6752
​     retainedDurationMillis = 1751
​     mContext instance of com.viomi.fridge.vertical.home.activity.HomeActivity with mDestroyed = false
​     View#mParent is null
​     View#mAttachInfo is null (view detached)
​     View.mWindowAttachCount = 1
```

`LoginScanView` 是通用的二维码扫描界面，`LoginScanViewCallback` 接受扫描结果，`LoginScanFragment` 被匿名内部类 `LoginScanViewCallback` 持有，从而被 `LoginScanView` 间接持有
`RxBus.getInstance().subscribe`（构造可被观察的扫描结果）的匿名内部类持有 `LoginScanView`，但一直没有 `dispose()` 掉
解决办法：在 `onDestroyView` 调用 `LoginScanView#dismiss`

```text
┬───
│ GC Root: Input or output parameters in native code
│
├─ android.os.FileObserver$ObserverThread instance
│    Leaking: NO (PathClassLoader↓ is not leaking)
│    Thread name: 'FileObserver'
│    ↓ FileObserver$ObserverThread.contextClassLoader
├─ dalvik.system.PathClassLoader instance
│    Leaking: NO (RxBus↓ is not leaking and A ClassLoader is never leaking)
│    ↓ PathClassLoader.runtimeInternalObjects
├─ java.lang.Object[] array
│    Leaking: NO (RxBus↓ is not leaking)
│    ↓ Object[].[1051]
├─ com.viomi.fridge.vertical.common.rxbus.RxBus class
│    Leaking: NO (a class is never leaking)
│    ↓ static RxBus.mInstance
│                   ~~~~~~~~~
├─ com.viomi.fridge.vertical.common.rxbus.RxBus instance
│    Leaking: UNKNOWN
│    ↓ RxBus.mBus
│            ~~~~
├─ io.reactivex.processors.SerializedProcessor instance
│    Leaking: UNKNOWN
│    ↓ SerializedProcessor.actual
│                          ~~~~~~
├─ io.reactivex.processors.PublishProcessor instance
│    Leaking: UNKNOWN
│    ↓ PublishProcessor.subscribers
│                       ~~~~~~~~~~~
├─ java.util.concurrent.atomic.AtomicReference instance
│    Leaking: UNKNOWN
│    ↓ AtomicReference.value
│                      ~~~~~
├─ io.reactivex.processors.PublishProcessor$PublishSubscription[] array
│    Leaking: UNKNOWN
│    ↓ PublishProcessor$PublishSubscription[].[9]
│                                             ~~~
├─ io.reactivex.processors.PublishProcessor$PublishSubscription instance
│    Leaking: UNKNOWN
│    ↓ PublishProcessor$PublishSubscription.downstream
│                                           ~~~~~~~~~~
├─ io.reactivex.internal.operators.flowable.FlowableFilter$FilterSubscriber instance
│    Leaking: UNKNOWN
│    ↓ FlowableFilter$FilterSubscriber.downstream
│                                      ~~~~~~~~~~
├─ io.reactivex.internal.operators.flowable.FlowableMap$MapSubscriber instance
│    Leaking: UNKNOWN
│    ↓ FlowableMap$MapSubscriber.downstream
│                                ~~~~~~~~~~
├─ io.reactivex.internal.operators.flowable.FlowableOnBackpressureDrop$BackpressureDropSubscriber instance
│    Leaking: UNKNOWN
│    ↓ FlowableOnBackpressureDrop$BackpressureDropSubscriber.downstream
│                                                            ~~~~~~~~~~
├─ io.reactivex.internal.operators.flowable.FlowableDetach$DetachSubscriber instance
│    Leaking: UNKNOWN
│    ↓ FlowableDetach$DetachSubscriber.downstream
│                                      ~~~~~~~~~~
├─ io.reactivex.internal.subscribers.LambdaSubscriber instance
│    Leaking: UNKNOWN
│    ↓ LambdaSubscriber.onNext
│                       ~~~~~~
├─ com.viomi.fridge.vertical.administration.view.dialog.-$$Lambda$LoginScanView$n3mc-TzVi5D9B5v0NCLq5Whun0k instance
│    Leaking: UNKNOWN
│    ↓ -$$Lambda$LoginScanView$n3mc-TzVi5D9B5v0NCLq5Whun0k.f$0
│                                                          ~~~
├─ com.viomi.fridge.vertical.administration.view.dialog.LoginScanView instance
│    Leaking: UNKNOWN
│    ↓ LoginScanView.mCallback
│                    ~~~~~~~~~
├─ com.viomi.fridge.vertical.home.view.fragment.LoginScanFragment$1 instance
│    Leaking: UNKNOWN
│    Anonymous class implementing com.viomi.fridge.vertical.administration.view.dialog.LoginScanView$LoginScanViewCallback
│    ↓ LoginScanFragment$1.this$0
│                          ~~~~~~
╰→ com.viomi.fridge.vertical.home.view.fragment.LoginScanFragment instance
​     Leaking: YES (ObjectWatcher was watching this because com.viomi.fridge.vertical.home.view.fragment.LoginScanFragment received Fragment#onDestroy() callback and Fragment#mFragmentManager is null)
​     key = aacf4988-2a56-4667-949b-bd00c7c7d4a2
​     watchDurationMillis = 61161
​     retainedDurationMillis = 56159
```

跟上面一样的，`LoginScanView` 通过成员属性 `mRootLayout` 持有一个 `View`
`RxBus.getInstance().subscribe` 的匿名内部类持有 `LoginScanView`，但一直没有 `dispose()` 掉
解决办法：在 `onDestroyView` 调用 `LoginScanView#dismiss`

```text
┬───
│ GC Root: Input or output parameters in native code
│
├─ android.os.FileObserver$ObserverThread instance
│    Leaking: NO (PathClassLoader↓ is not leaking)
│    Thread name: 'FileObserver'
│    ↓ FileObserver$ObserverThread.contextClassLoader
├─ dalvik.system.PathClassLoader instance
│    Leaking: NO (RxBus↓ is not leaking and A ClassLoader is never leaking)
│    ↓ PathClassLoader.runtimeInternalObjects
├─ java.lang.Object[] array
│    Leaking: NO (RxBus↓ is not leaking)
│    ↓ Object[].[1051]
├─ com.viomi.fridge.vertical.common.rxbus.RxBus class
│    Leaking: NO (a class is never leaking)
│    ↓ static RxBus.mInstance
│                   ~~~~~~~~~
├─ com.viomi.fridge.vertical.common.rxbus.RxBus instance
│    Leaking: UNKNOWN
│    ↓ RxBus.mBus
│            ~~~~
├─ io.reactivex.processors.SerializedProcessor instance
│    Leaking: UNKNOWN
│    ↓ SerializedProcessor.actual
│                          ~~~~~~
├─ io.reactivex.processors.PublishProcessor instance
│    Leaking: UNKNOWN
│    ↓ PublishProcessor.subscribers
│                       ~~~~~~~~~~~
├─ java.util.concurrent.atomic.AtomicReference instance
│    Leaking: UNKNOWN
│    ↓ AtomicReference.value
│                      ~~~~~
├─ io.reactivex.processors.PublishProcessor$PublishSubscription[] array
│    Leaking: UNKNOWN
│    ↓ PublishProcessor$PublishSubscription[].[9]
│                                             ~~~
├─ io.reactivex.processors.PublishProcessor$PublishSubscription instance
│    Leaking: UNKNOWN
│    ↓ PublishProcessor$PublishSubscription.downstream
│                                           ~~~~~~~~~~
├─ io.reactivex.internal.operators.flowable.FlowableFilter$FilterSubscriber instance
│    Leaking: UNKNOWN
│    ↓ FlowableFilter$FilterSubscriber.downstream
│                                      ~~~~~~~~~~
├─ io.reactivex.internal.operators.flowable.FlowableMap$MapSubscriber instance
│    Leaking: UNKNOWN
│    ↓ FlowableMap$MapSubscriber.downstream
│                                ~~~~~~~~~~
├─ io.reactivex.internal.operators.flowable.FlowableOnBackpressureDrop$BackpressureDropSubscriber instance
│    Leaking: UNKNOWN
│    ↓ FlowableOnBackpressureDrop$BackpressureDropSubscriber.downstream
│                                                            ~~~~~~~~~~
├─ io.reactivex.internal.operators.flowable.FlowableDetach$DetachSubscriber instance
│    Leaking: UNKNOWN
│    ↓ FlowableDetach$DetachSubscriber.downstream
│                                      ~~~~~~~~~~
├─ io.reactivex.internal.subscribers.LambdaSubscriber instance
│    Leaking: UNKNOWN
│    ↓ LambdaSubscriber.onNext
│                       ~~~~~~
├─ com.viomi.fridge.vertical.administration.view.dialog.-$$Lambda$LoginScanView$n3mc-TzVi5D9B5v0NCLq5Whun0k instance
│    Leaking: UNKNOWN
│    ↓ -$$Lambda$LoginScanView$n3mc-TzVi5D9B5v0NCLq5Whun0k.f$0
│                                                          ~~~
├─ com.viomi.fridge.vertical.administration.view.dialog.LoginScanView instance
│    Leaking: UNKNOWN
│    ↓ LoginScanView.mRootLayout
│                    ~~~~~~~~~~~
├─ android.widget.FrameLayout instance
│    Leaking: YES (View detached and has parent)
│    mContext instance of com.viomi.fridge.vertical.home.activity.HomeActivity with mDestroyed = false
│    View#mParent is set
│    View#mAttachInfo is null (view detached)
│    View.mWindowAttachCount = 1
│    ↓ FrameLayout.mParent
├─ android.widget.FrameLayout instance
│    Leaking: YES (FrameLayout↑ is leaking and View detached and has parent)
│    mContext instance of com.viomi.fridge.vertical.home.activity.HomeActivity with mDestroyed = false
│    View#mParent is set
│    View#mAttachInfo is null (view detached)
│    View.mID = R.id.home_login_content
│    View.mWindowAttachCount = 1
│    ↓ FrameLayout.mParent
╰→ android.widget.RelativeLayout instance
​     Leaking: YES (ObjectWatcher was watching this because com.viomi.fridge.vertical.home.view.fragment.LoginScanFragment received Fragment#onDestroyView() callback (references to its views should be cleared to prevent leaks))
​     key = f0ea85af-037a-4424-a35c-93596aa1d4bb
​     watchDurationMillis = 61167
​     retainedDurationMillis = 56166
​     mContext instance of com.viomi.fridge.vertical.home.activity.HomeActivity with mDestroyed = false
​     View#mParent is null
​     View#mAttachInfo is null (view detached)
​     View.mWindowAttachCount = 1
```